// Jest Snapshot v1, https://goo.gl/fbAQLP

exports[`should return title header 1`] = `
<div
  id="header"
>
  
    
  <h3>
    Web Components Bets Application
  </h3>
  

</div>
`;
